Archive member included to satisfy reference by file (symbol)

D:/SOLIS/Dashboard/ST/STM32CubeIDE_1.16.1/STM32CubeIDE/plugins/com.st.stm32cube.ide.mcu.externaltools.gnu-tools-for-stm32.12.3.rel1.win32_1.0.200.202406191623/tools/bin/../lib/gcc/arm-none-eabi/12.3.1/../../../../arm-none-eabi/lib/thumb/v7e-m+fp/hard\libc_nano.a(libc_a-exit.o)
                              D:/SOLIS/Dashboard/ST/STM32CubeIDE_1.16.1/STM32CubeIDE/plugins/com.st.stm32cube.ide.mcu.externaltools.gnu-tools-for-stm32.12.3.rel1.win32_1.0.200.202406191623/tools/bin/../lib/gcc/arm-none-eabi/12.3.1/../../../../arm-none-eabi/lib/thumb/v7e-m+fp/hard/crt0.o (exit)
D:/SOLIS/Dashboard/ST/STM32CubeIDE_1.16.1/STM32CubeIDE/plugins/com.st.stm32cube.ide.mcu.externaltools.gnu-tools-for-stm32.12.3.rel1.win32_1.0.200.202406191623/tools/bin/../lib/gcc/arm-none-eabi/12.3.1/../../../../arm-none-eabi/lib/thumb/v7e-m+fp/hard\libc_nano.a(libc_a-findfp.o)
                              D:/SOLIS/Dashboard/ST/STM32CubeIDE_1.16.1/STM32CubeIDE/plugins/com.st.stm32cube.ide.mcu.externaltools.gnu-tools-for-stm32.12.3.rel1.win32_1.0.200.202406191623/tools/bin/../lib/gcc/arm-none-eabi/12.3.1/../../../../arm-none-eabi/lib/thumb/v7e-m+fp/hard\libc_nano.a(libc_a-exit.o) (__stdio_exit_handler)
D:/SOLIS/Dashboard/ST/STM32CubeIDE_1.16.1/STM32CubeIDE/plugins/com.st.stm32cube.ide.mcu.externaltools.gnu-tools-for-stm32.12.3.rel1.win32_1.0.200.202406191623/tools/bin/../lib/gcc/arm-none-eabi/12.3.1/../../../../arm-none-eabi/lib/thumb/v7e-m+fp/hard\libc_nano.a(libc_a-fwalk.o)
                              D:/SOLIS/Dashboard/ST/STM32CubeIDE_1.16.1/STM32CubeIDE/plugins/com.st.stm32cube.ide.mcu.externaltools.gnu-tools-for-stm32.12.3.rel1.win32_1.0.200.202406191623/tools/bin/../lib/gcc/arm-none-eabi/12.3.1/../../../../arm-none-eabi/lib/thumb/v7e-m+fp/hard\libc_nano.a(libc_a-findfp.o) (_fwalk_sglue)
D:/SOLIS/Dashboard/ST/STM32CubeIDE_1.16.1/STM32CubeIDE/plugins/com.st.stm32cube.ide.mcu.externaltools.gnu-tools-for-stm32.12.3.rel1.win32_1.0.200.202406191623/tools/bin/../lib/gcc/arm-none-eabi/12.3.1/../../../../arm-none-eabi/lib/thumb/v7e-m+fp/hard\libc_nano.a(libc_a-stdio.o)
                              D:/SOLIS/Dashboard/ST/STM32CubeIDE_1.16.1/STM32CubeIDE/plugins/com.st.stm32cube.ide.mcu.externaltools.gnu-tools-for-stm32.12.3.rel1.win32_1.0.200.202406191623/tools/bin/../lib/gcc/arm-none-eabi/12.3.1/../../../../arm-none-eabi/lib/thumb/v7e-m+fp/hard\libc_nano.a(libc_a-findfp.o) (__sread)
D:/SOLIS/Dashboard/ST/STM32CubeIDE_1.16.1/STM32CubeIDE/plugins/com.st.stm32cube.ide.mcu.externaltools.gnu-tools-for-stm32.12.3.rel1.win32_1.0.200.202406191623/tools/bin/../lib/gcc/arm-none-eabi/12.3.1/../../../../arm-none-eabi/lib/thumb/v7e-m+fp/hard\libc_nano.a(libc_a-memset.o)
                              D:/SOLIS/Dashboard/ST/STM32CubeIDE_1.16.1/STM32CubeIDE/plugins/com.st.stm32cube.ide.mcu.externaltools.gnu-tools-for-stm32.12.3.rel1.win32_1.0.200.202406191623/tools/bin/../lib/gcc/arm-none-eabi/12.3.1/../../../../arm-none-eabi/lib/thumb/v7e-m+fp/hard/crt0.o (memset)
D:/SOLIS/Dashboard/ST/STM32CubeIDE_1.16.1/STM32CubeIDE/plugins/com.st.stm32cube.ide.mcu.externaltools.gnu-tools-for-stm32.12.3.rel1.win32_1.0.200.202406191623/tools/bin/../lib/gcc/arm-none-eabi/12.3.1/../../../../arm-none-eabi/lib/thumb/v7e-m+fp/hard\libc_nano.a(libc_a-closer.o)
                              D:/SOLIS/Dashboard/ST/STM32CubeIDE_1.16.1/STM32CubeIDE/plugins/com.st.stm32cube.ide.mcu.externaltools.gnu-tools-for-stm32.12.3.rel1.win32_1.0.200.202406191623/tools/bin/../lib/gcc/arm-none-eabi/12.3.1/../../../../arm-none-eabi/lib/thumb/v7e-m+fp/hard\libc_nano.a(libc_a-stdio.o) (_close_r)
D:/SOLIS/Dashboard/ST/STM32CubeIDE_1.16.1/STM32CubeIDE/plugins/com.st.stm32cube.ide.mcu.externaltools.gnu-tools-for-stm32.12.3.rel1.win32_1.0.200.202406191623/tools/bin/../lib/gcc/arm-none-eabi/12.3.1/../../../../arm-none-eabi/lib/thumb/v7e-m+fp/hard\libc_nano.a(libc_a-reent.o)
                              D:/SOLIS/Dashboard/ST/STM32CubeIDE_1.16.1/STM32CubeIDE/plugins/com.st.stm32cube.ide.mcu.externaltools.gnu-tools-for-stm32.12.3.rel1.win32_1.0.200.202406191623/tools/bin/../lib/gcc/arm-none-eabi/12.3.1/../../../../arm-none-eabi/lib/thumb/v7e-m+fp/hard\libc_nano.a(libc_a-closer.o) (errno)
D:/SOLIS/Dashboard/ST/STM32CubeIDE_1.16.1/STM32CubeIDE/plugins/com.st.stm32cube.ide.mcu.externaltools.gnu-tools-for-stm32.12.3.rel1.win32_1.0.200.202406191623/tools/bin/../lib/gcc/arm-none-eabi/12.3.1/../../../../arm-none-eabi/lib/thumb/v7e-m+fp/hard\libc_nano.a(libc_a-impure.o)
                              D:/SOLIS/Dashboard/ST/STM32CubeIDE_1.16.1/STM32CubeIDE/plugins/com.st.stm32cube.ide.mcu.externaltools.gnu-tools-for-stm32.12.3.rel1.win32_1.0.200.202406191623/tools/bin/../lib/gcc/arm-none-eabi/12.3.1/../../../../arm-none-eabi/lib/thumb/v7e-m+fp/hard\libc_nano.a(libc_a-reent.o) (_impure_ptr)
[...]
Memory Configuration

Name             Origin             Length             Attributes
CCMRAM           0x10000000         0x00002000         xrw
RAM              0x20000000         0x00008000         xrw
FLASH            0x08000000         0x00020000         xr
*default*        0x00000000         0xffffffff

Linker script and memory map

LOAD D:/SOLIS/Dashboard/ST/STM32CubeIDE_1.16.1/STM32CubeIDE/plugins/com.st.stm32cube.ide.mcu.externaltools.gnu-tools-for-stm32.12.3.rel1.win32_1.0.200.202406191623/tools/bin/../lib/gcc/arm-none-eabi/12.3.1/thumb/v7e-m+fp/hard/crti.o
LOAD D:/SOLIS/Dashboard/ST/STM32CubeIDE_1.16.1/STM32CubeIDE/plugins/com.st.stm32cube.ide.mcu.externaltools.gnu-tools-for-stm32.12.3.rel1.win32_1.0.200.202406191623/tools/bin/../lib/gcc/arm-none-eabi/12.3.1/thumb/v7e-m+fp/hard/crtbegin.o
LOAD D:/SOLIS/Dashboard/ST/STM32CubeIDE_1.16.1/STM32CubeIDE/plugins/com.st.stm32cube.ide.mcu.externaltools.gnu-tools-for-stm32.12.3.rel1.win32_1.0.200.202406191623/tools/bin/../lib/gcc/arm-none-eabi/12.3.1/../../../../arm-none-eabi/lib/thumb/v7e-m+fp/hard/crt0.o
LOAD ./Core/Src/functions.o
LOAD ./Core/Src/main.o
LOAD ./Core/Src/stm32f3xx_hal_msp.o
LOAD ./Core/Src/stm32f3xx_it.o
LOAD ./Core/Src/syscalls.o
LOAD ./Core/Src/sysmem.o
LOAD ./Core/Src/system_stm32f3xx.o
LOAD ./Core/Startup/startup_stm32f303cbtx.o
LOAD ./Drivers/STM32F3xx_HAL_Driver/Src/stm32f3xx_hal.o
LOAD ./Drivers/STM32F3xx_HAL_Driver/Src/stm32f3xx_hal_adc.o
LOAD ./Drivers/STM32F3xx_HAL_Driver/Src/stm32f3xx_hal_adc_ex.o
LOAD ./Drivers/STM32F3xx_HAL_Driver/Src/stm32f3xx_hal_can.o
LOAD ./Drivers/STM32F3xx_HAL_Driver/Src/stm32f3xx_hal_cortex.o
LOAD ./Drivers/STM32F3xx_HAL_Driver/Src/stm32f3xx_hal_dma.o
LOAD ./Drivers/STM32F3xx_HAL_Driver/Src/stm32f3xx_hal_exti.o
LOAD ./Drivers/STM32F3xx_HAL_Driver/Src/stm32f3xx_hal_flash.o
LOAD ./Drivers/STM32F3xx_HAL_Driver/Src/stm32f3xx_hal_flash_ex.o
LOAD ./Drivers/STM32F3xx_HAL_Driver/Src/stm32f3xx_hal_gpio.o
LOAD ./Drivers/STM32F3xx_HAL_Driver/Src/stm32f3xx_hal_i2c.o
LOAD ./Drivers/STM32F3xx_HAL_Driver/Src/stm32f3xx_hal_i2c_ex.o
LOAD ./Drivers/STM32F3xx_HAL_Driver/Src/stm32f3xx_hal_pwr.o
LOAD ./Drivers/STM32F3xx_HAL_Driver/Src/stm32f3xx_hal_pwr_ex.o
LOAD ./Drivers/STM32F3xx_HAL_Driver/Src/stm32f3xx_hal_rcc.o
LOAD ./Drivers/STM32F3xx_HAL_Driver/Src/stm32f3xx_hal_rcc_ex.o
LOAD ./Drivers/STM32F3xx_HAL_Driver/Src/stm32f3xx_hal_tim.o
LOAD ./Drivers/STM32F3xx_HAL_Driver/Src/stm32f3xx_hal_tim_ex.o
START GROUP
LOAD D:/SOLIS/Dashboard/ST/STM32CubeIDE_1.16.1/STM32CubeIDE/plugins/com.st.stm32cube.ide.mcu.externaltools.gnu-tools-for-stm32.12.3.rel1.win32_1.0.200.202406191623/tools/bin/../lib/gcc/arm-none-eabi/12.3.1/../../../../arm-none-eabi/lib/thumb/v7e-m+fp/hard\libc_nano.a
LOAD D:/SOLIS/Dashboard/ST/STM32CubeIDE_1.16.1/STM32CubeIDE/plugins/com.st.stm32cube.ide.mcu.externaltools.gnu-tools-for-stm32.12.3.rel1.win32_1.0.200.202406191623/tools/bin/../lib/gcc/arm-none-eabi/12.3.1/../../../../arm-none-eabi/lib/thumb/v7e-m+fp/hard\libm.a
END GROUP
START GROUP
LOAD D:/SOLIS/Dashboard/ST/STM32CubeIDE_1.16.1/STM32CubeIDE/plugins/com.st.stm32cube.ide.mcu.externaltools.gnu-tools-for-stm32.12.3.rel1.win32_1.0.200.202406191623/tools/bin/../lib/gcc/arm-none-eabi/12.3.1/thumb/v7e-m+fp/hard\libgcc.a
LOAD D:/SOLIS/Dashboard/ST/STM32CubeIDE_1.16.1/STM32CubeIDE/plugins/com.st.stm32cube.ide.mcu.externaltools.gnu-tools-for-stm32.12.3.rel1.win32_1.0.200.202406191623/tools/bin/../lib/gcc/arm-none-eabi/12.3.1/../../../../arm-none-eabi/lib/thumb/v7e-m+fp/hard\libc_nano.a
END GROUP
START GROUP
LOAD D:/SOLIS/Dashboard/ST/STM32CubeIDE_1.16.1/STM32CubeIDE/plugins/com.st.stm32cube.ide.mcu.externaltools.gnu-tools-for-stm32.12.3.rel1.win32_1.0.200.202406191623/tools/bin/../lib/gcc/arm-none-eabi/12.3.1/thumb/v7e-m+fp/hard\libgcc.a
LOAD D:/SOLIS/Dashboard/ST/STM32CubeIDE_1.16.1/STM32CubeIDE/plugins/com.st.stm32cube.ide.mcu.externaltools.gnu-tools-for-stm32.12.3.rel1.win32_1.0.200.202406191623/tools/bin/../lib/gcc/arm-none-eabi/12.3.1/../../../../arm-none-eabi/lib/thumb/v7e-m+fp/hard\libc_nano.a
LOAD D:/SOLIS/Dashboard/ST/STM32CubeIDE_1.16.1/STM32CubeIDE/plugins/com.st.stm32cube.ide.mcu.externaltools.gnu-tools-for-stm32.12.3.rel1.win32_1.0.200.202406191623/tools/bin/../lib/gcc/arm-none-eabi/12.3.1/../../../../arm-none-eabi/lib/thumb/v7e-m+fp/hard\libnosys.a
END GROUP
START GROUP
LOAD D:/SOLIS/Dashboard/ST/STM32CubeIDE_1.16.1/STM32CubeIDE/plugins/com.st.stm32cube.ide.mcu.externaltools.gnu-tools-for-stm32.12.3.rel1.win32_1.0.200.202406191623/tools/bin/../lib/gcc/arm-none-eabi/12.3.1/thumb/v7e-m+fp/hard\libgcc.a
LOAD D:/SOLIS/Dashboard/ST/STM32CubeIDE_1.16.1/STM32CubeIDE/plugins/com.st.stm32cube.ide.mcu.externaltools.gnu-tools-for-stm32.12.3.rel1.win32_1.0.200.202406191623/tools/bin/../lib/gcc/arm-none-eabi/12.3.1/../../../../arm-none-eabi/lib/thumb/v7e-m+fp/hard\libc_nano.a
LOAD D:/SOLIS/Dashboard/ST/STM32CubeIDE_1.16.1/STM32CubeIDE/plugins/com.st.stm32cube.ide.mcu.externaltools.gnu-tools-for-stm32.12.3.rel1.win32_1.0.200.202406191623/tools/bin/../lib/gcc/arm-none-eabi/12.3.1/../../../../arm-none-eabi/lib/thumb/v7e-m+fp/hard\libnosys.a
END GROUP
LOAD D:/SOLIS/Dashboard/ST/STM32CubeIDE_1.16.1/STM32CubeIDE/plugins/com.st.stm32cube.ide.mcu.externaltools.gnu-tools-for-stm32.12.3.rel1.win32_1.0.200.202406191623/tools/bin/../lib/gcc/arm-none-eabi/12.3.1/thumb/v7e-m+fp/hard/crtend.o
LOAD D:/SOLIS/Dashboard/ST/STM32CubeIDE_1.16.1/STM32CubeIDE/plugins/com.st.stm32cube.ide.mcu.externaltools.gnu-tools-for-stm32.12.3.rel1.win32_1.0.200.202406191623/tools/bin/../lib/gcc/arm-none-eabi/12.3.1/thumb/v7e-m+fp/hard/crtn.o
                0x20008000                        _estack = (ORIGIN (RAM) + LENGTH (RAM))
                0x00000200                        _Min_Heap_Size = 0x200
                0x00000400                        _Min_Stack_Size = 0x400

.isr_vector     0x08000000      0x188
                0x08000000                        . = ALIGN (0x4)
 *(.isr_vector)
 .isr_vector    0x08000000      0x188 ./Core/Startup/startup_stm32f303cbtx.o
                0x08000000                g_pfnVectors
                0x08000188                        . = ALIGN (0x4)

.text           0x08000188     0x5310
                0x08000188                        . = ALIGN (0x4)
 *(.text)
 .text          0x08000188       0x40 D:/SOLIS/Dashboard/ST/STM32CubeIDE_1.16.1/STM32CubeIDE/plugins/com.st.stm32cube.ide.mcu.externaltools.gnu-tools-for-stm32.12.3.rel1.win32_1.0.200.202406191623/tools/bin/../lib/gcc/arm-none-eabi/12.3.1/thumb/v7e-m+fp/hard/crtbegin.o
 *(.text*)
 .text.Update_Auxiliary_System
                0x080001c8      0x1a4 ./Core/Src/functions.o
                0x080001c8                Update_Auxiliary_System
 .text.Send_Auxiliary_State_CAN
                0x0800036c       0x48 ./Core/Src/functions.o
                0x0800036c                Send_Auxiliary_State_CAN
 .text.Get_ADC_Value
                0x080003b4       0xc0 ./Core/Src/functions.o
                0x080003b4                Get_ADC_Value
 .text.Update_Offline_Mode
                0x08000474      0x128 ./Core/Src/functions.o
                0x08000474                Update_Offline_Mode
 .text.main     0x0800059c       0x58 ./Core/Src/main.o
                0x0800059c                main
 .text.SystemClock_Config
                0x080005f4       0xb8 ./Core/Src/main.o
                0x080005f4                SystemClock_Config
 .text.MX_ADC4_Init
                0x080006ac       0xbc ./Core/Src/main.o
 .text.MX_CAN_Init
                0x08000768       0xa8 ./Core/Src/main.o
 .text.MX_TIM2_Init
                0x08000810       0x9c ./Core/Src/main.o
 .text.MX_TIM3_Init
                0x080008ac       0xa0 ./Core/Src/main.o
 .text.MX_GPIO_Init
                0x0800094c       0xf8 ./Core/Src/main.o
 .text.Error_Handler
                0x08000a44        0xc ./Core/Src/main.o
                0x08000a44                Error_Handler
 .text.HAL_MspInit
                0x08000a50       0x48 ./Core/Src/stm32f3xx_hal_msp.o
                0x08000a50                HAL_MspInit
 .text.HAL_ADC_MspInit
                0x08000a98       0x80 ./Core/Src/stm32f3xx_hal_msp.o
                0x08000a98                HAL_ADC_MspInit
 .text.HAL_CAN_MspInit
                0x08000b18       0x98 ./Core/Src/stm32f3xx_hal_msp.o
                0x08000b18                HAL_CAN_MspInit
 .text.HAL_TIM_Base_MspInit
                0x08000bb0       0x80 ./Core/Src/stm32f3xx_hal_msp.o
                0x08000bb0                HAL_TIM_Base_MspInit
 .text.NMI_Handler
                0x08000c30        0x8 ./Core/Src/stm32f3xx_it.o
                0x08000c30                NMI_Handler
 .text.HardFault_Handler
                0x08000c38        0x8 ./Core/Src/stm32f3xx_it.o
                0x08000c38                HardFault_Handler
 .text.MemManage_Handler
                0x08000c40        0x8 ./Core/Src/stm32f3xx_it.o
                0x08000c40                MemManage_Handler
 .text.BusFault_Handler
                0x08000c48        0x8 ./Core/Src/stm32f3xx_it.o
                0x08000c48                BusFault_Handler
 .text.UsageFault_Handler
                0x08000c50        0x8 ./Core/Src/stm32f3xx_it.o
                0x08000c50                UsageFault_Handler
 .text.SVC_Handler
                0x08000c58        0xe ./Core/Src/stm32f3xx_it.o
                0x08000c58                SVC_Handler
 .text.DebugMon_Handler
                0x08000c66        0xe ./Core/Src/stm32f3xx_it.o
                0x08000c66                DebugMon_Handler
 .text.PendSV_Handler
                0x08000c74        0xe ./Core/Src/stm32f3xx_it.o
                0x08000c74                PendSV_Handler
 .text.SysTick_Handler
                0x08000c82        0xc ./Core/Src/stm32f3xx_it.o
                0x08000c82                SysTick_Handler
 *fill*         0x08000c8e        0x2 
 .text.USB_LP_CAN_RX0_IRQHandler
                0x08000c90       0x48 ./Core/Src/stm32f3xx_it.o
                0x08000c90                USB_LP_CAN_RX0_IRQHandler
 .text.TIM2_IRQHandler
                0x08000cd8       0xb4 ./Core/Src/stm32f3xx_it.o
                0x08000cd8                TIM2_IRQHandler
 .text.TIM3_IRQHandler
                0x08000d8c       0xbc ./Core/Src/stm32f3xx_it.o
                0x08000d8c                TIM3_IRQHandler
 .text.SystemInit
                0x08000e48       0x24 ./Core/Src/system_stm32f3xx.o
                0x08000e48                SystemInit
 .text.Reset_Handler
                0x08000e6c       0x50 ./Core/Startup/startup_stm32f303cbtx.o
                0x08000e6c                Reset_Handler
 .text.Default_Handler
                0x08000ebc        0x2 ./Core/Startup/startup_stm32f303cbtx.o
                0x08000ebc                RTC_Alarm_IRQHandler
                0x08000ebc                TIM8_TRG_COM_IRQHandler
                0x08000ebc                TIM8_CC_IRQHandler
                0x08000ebc                TIM1_CC_IRQHandler
                0x08000ebc                USB_HP_IRQHandler
                0x08000ebc                PVD_IRQHandler
                0x08000ebc                TAMP_STAMP_IRQHandler
                0x08000ebc                EXTI3_IRQHandler
                0x08000ebc                USB_HP_CAN_TX_IRQHandler
                0x08000ebc                EXTI0_IRQHandler
                0x08000ebc                I2C2_EV_IRQHandler
                0x08000ebc                FPU_IRQHandler
                0x08000ebc                TIM1_UP_TIM16_IRQHandler
                0x08000ebc                ADC1_2_IRQHandler
                0x08000ebc                SPI1_IRQHandler
                0x08000ebc                CAN_SCE_IRQHandler
                0x08000ebc                TIM6_DAC_IRQHandler
                0x08000ebc                TIM8_UP_IRQHandler
                0x08000ebc                DMA2_Channel2_IRQHandler
                0x08000ebc                DMA1_Channel4_IRQHandler
                0x08000ebc                USART3_IRQHandler
                0x08000ebc                DMA1_Channel7_IRQHandler
                0x08000ebc                UART5_IRQHandler
                0x08000ebc                ADC3_IRQHandler
                0x08000ebc                TIM4_IRQHandler
                0x08000ebc                CAN_RX1_IRQHandler
                0x08000ebc                DMA2_Channel1_IRQHandler
                0x08000ebc                I2C1_EV_IRQHandler
                0x08000ebc                DMA1_Channel6_IRQHandler
                0x08000ebc                UART4_IRQHandler
                0x08000ebc                DMA2_Channel4_IRQHandler
                0x08000ebc                RCC_IRQHandler
                0x08000ebc                DMA1_Channel1_IRQHandler
                0x08000ebc                Default_Handler
                0x08000ebc                USBWakeUp_RMP_IRQHandler
                0x08000ebc                EXTI15_10_IRQHandler
                0x08000ebc                TIM7_IRQHandler
                0x08000ebc                EXTI9_5_IRQHandler
                0x08000ebc                RTC_WKUP_IRQHandler
                0x08000ebc                SPI2_IRQHandler
                0x08000ebc                DMA2_Channel5_IRQHandler
                0x08000ebc                DMA1_Channel5_IRQHandler
                0x08000ebc                USB_LP_IRQHandler
                0x08000ebc                EXTI4_IRQHandler
                0x08000ebc                TIM1_TRG_COM_TIM17_IRQHandler
                0x08000ebc                DMA1_Channel3_IRQHandler
                0x08000ebc                ADC4_IRQHandler
                0x08000ebc                WWDG_IRQHandler
                0x08000ebc                COMP7_IRQHandler
                0x08000ebc                COMP1_2_3_IRQHandler
                0x08000ebc                EXTI1_IRQHandler
                0x08000ebc                USART2_IRQHandler
                0x08000ebc                COMP4_5_6_IRQHandler
                0x08000ebc                I2C2_ER_IRQHandler
                0x08000ebc                DMA1_Channel2_IRQHandler
                0x08000ebc                TIM8_BRK_IRQHandler
                0x08000ebc                FLASH_IRQHandler
                0x08000ebc                USART1_IRQHandler
                0x08000ebc                SPI3_IRQHandler
                0x08000ebc                I2C1_ER_IRQHandler
                0x08000ebc                USBWakeUp_IRQHandler
                0x08000ebc                DMA2_Channel3_IRQHandler
                0x08000ebc                EXTI2_TSC_IRQHandler
                0x08000ebc                TIM1_BRK_TIM15_IRQHandler
 *fill*         0x08000ebe        0x2 
 .text.HAL_Init
                0x08000ec0       0x2c ./Drivers/STM32F3xx_HAL_Driver/Src/stm32f3xx_hal.o
                0x08000ec0                HAL_Init
 .text.HAL_InitTick
                0x08000eec       0x60 ./Drivers/STM32F3xx_HAL_Driver/Src/stm32f3xx_hal.o
                0x08000eec                HAL_InitTick
 .text.HAL_IncTick
                0x08000f4c       0x28 ./Drivers/STM32F3xx_HAL_Driver/Src/stm32f3xx_hal.o
                0x08000f4c                HAL_IncTick
 .text.HAL_GetTick
                0x08000f74       0x18 ./Drivers/STM32F3xx_HAL_Driver/Src/stm32f3xx_hal.o
                0x08000f74                HAL_GetTick
 .text.HAL_Delay
                0x08000f8c       0x48 ./Drivers/STM32F3xx_HAL_Driver/Src/stm32f3xx_hal.o
                0x08000f8c                HAL_Delay
 .text.HAL_ADC_Init
                0x08000fd4      0x3c0 ./Drivers/STM32F3xx_HAL_Driver/Src/stm32f3xx_hal_adc_ex.o
                0x08000fd4                HAL_ADC_Init
 .text.HAL_ADC_Start
                0x08001394      0x22c ./Drivers/STM32F3xx_HAL_Driver/Src/stm32f3xx_hal_adc_ex.o
                0x08001394                HAL_ADC_Start
 .text.HAL_ADC_Stop
                0x080015c0       0x6a ./Drivers/STM32F3xx_HAL_Driver/Src/stm32f3xx_hal_adc_ex.o
                0x080015c0                HAL_ADC_Stop
 *fill*         0x0800162a        0x2 
 .text.HAL_ADC_PollForConversion
                0x0800162c      0x204 ./Drivers/STM32F3xx_HAL_Driver/Src/stm32f3xx_hal_adc_ex.o
                0x0800162c                HAL_ADC_PollForConversion
 .text.HAL_ADC_GetValue
                0x08001830       0x1a ./Drivers/STM32F3xx_HAL_Driver/Src/stm32f3xx_hal_adc_ex.o
                0x08001830                HAL_ADC_GetValue
 *fill*         0x0800184a        0x2 
 .text.HAL_ADC_ConfigChannel
                0x0800184c      0x5d4 ./Drivers/STM32F3xx_HAL_Driver/Src/stm32f3xx_hal_adc_ex.o
                0x0800184c                HAL_ADC_ConfigChannel
 .text.ADC_Enable
                0x08001e20       0xc8 ./Drivers/STM32F3xx_HAL_Driver/Src/stm32f3xx_hal_adc_ex.o
 .text.ADC_Disable
                0x08001ee8       0xcc ./Drivers/STM32F3xx_HAL_Driver/Src/stm32f3xx_hal_adc_ex.o
 .text.ADC_ConversionStop
                0x08001fb4      0x16c ./Drivers/STM32F3xx_HAL_Driver/Src/stm32f3xx_hal_adc_ex.o
 .text.HAL_CAN_Init
                0x08002120      0x1f6 ./Drivers/STM32F3xx_HAL_Driver/Src/stm32f3xx_hal_can.o
                0x08002120                HAL_CAN_Init
 .text.HAL_CAN_ConfigFilter
                0x08002316      0x194 ./Drivers/STM32F3xx_HAL_Driver/Src/stm32f3xx_hal_can.o
                0x08002316                HAL_CAN_ConfigFilter
 .text.HAL_CAN_Start
                0x080024aa       0x88 ./Drivers/STM32F3xx_HAL_Driver/Src/stm32f3xx_hal_can.o
                0x080024aa                HAL_CAN_Start
 .text.HAL_CAN_AddTxMessage
                0x08002532      0x1a0 ./Drivers/STM32F3xx_HAL_Driver/Src/stm32f3xx_hal_can.o
                0x08002532                HAL_CAN_AddTxMessage
 .text.HAL_CAN_GetRxMessage
                0x080026d2      0x244 ./Drivers/STM32F3xx_HAL_Driver/Src/stm32f3xx_hal_can.o
                0x080026d2                HAL_CAN_GetRxMessage
 .text.HAL_CAN_ActivateNotification
                0x08002916       0x4c ./Drivers/STM32F3xx_HAL_Driver/Src/stm32f3xx_hal_can.o
                0x08002916                HAL_CAN_ActivateNotification
 .text.HAL_CAN_IRQHandler
                0x08002962      0x36e ./Drivers/STM32F3xx_HAL_Driver/Src/stm32f3xx_hal_can.o
                0x08002962                HAL_CAN_IRQHandler
 .text.HAL_CAN_TxMailbox0CompleteCallback
                0x08002cd0       0x14 ./Drivers/STM32F3xx_HAL_Driver/Src/stm32f3xx_hal_can.o
                0x08002cd0                HAL_CAN_TxMailbox0CompleteCallback
 .text.HAL_CAN_TxMailbox1CompleteCallback
                0x08002ce4       0x14 ./Drivers/STM32F3xx_HAL_Driver/Src/stm32f3xx_hal_can.o
                0x08002ce4                HAL_CAN_TxMailbox1CompleteCallback
 .text.HAL_CAN_TxMailbox2CompleteCallback
                0x08002cf8       0x14 ./Drivers/STM32F3xx_HAL_Driver/Src/stm32f3xx_hal_can.o
                0x08002cf8                HAL_CAN_TxMailbox2CompleteCallback
 .text.HAL_CAN_TxMailbox0AbortCallback
                0x08002d0c       0x14 ./Drivers/STM32F3xx_HAL_Driver/Src/stm32f3xx_hal_can.o
                0x08002d0c                HAL_CAN_TxMailbox0AbortCallback
 .text.HAL_CAN_TxMailbox1AbortCallback
                0x08002d20       0x14 ./Drivers/STM32F3xx_HAL_Driver/Src/stm32f3xx_hal_can.o
                0x08002d20                HAL_CAN_TxMailbox1AbortCallback
 .text.HAL_CAN_TxMailbox2AbortCallback
                0x08002d34       0x14 ./Drivers/STM32F3xx_HAL_Driver/Src/stm32f3xx_hal_can.o
                0x08002d34                HAL_CAN_TxMailbox2AbortCallback
 .text.HAL_CAN_RxFifo0MsgPendingCallback
                0x08002d48       0x14 ./Drivers/STM32F3xx_HAL_Driver/Src/stm32f3xx_hal_can.o
                0x08002d48                HAL_CAN_RxFifo0MsgPendingCallback
 .text.HAL_CAN_RxFifo0FullCallback
                0x08002d5c       0x14 ./Drivers/STM32F3xx_HAL_Driver/Src/stm32f3xx_hal_can.o
                0x08002d5c                HAL_CAN_RxFifo0FullCallback
 .text.HAL_CAN_RxFifo1MsgPendingCallback
                0x08002d70       0x14 ./Drivers/STM32F3xx_HAL_Driver/Src/stm32f3xx_hal_can.o
                0x08002d70                HAL_CAN_RxFifo1MsgPendingCallback
 .text.HAL_CAN_RxFifo1FullCallback
                0x08002d84       0x14 ./Drivers/STM32F3xx_HAL_Driver/Src/stm32f3xx_hal_can.o
                0x08002d84                HAL_CAN_RxFifo1FullCallback
 .text.HAL_CAN_SleepCallback
                0x08002d98       0x14 ./Drivers/STM32F3xx_HAL_Driver/Src/stm32f3xx_hal_can.o
                0x08002d98                HAL_CAN_SleepCallback
 .text.HAL_CAN_WakeUpFromRxMsgCallback
                0x08002dac       0x14 ./Drivers/STM32F3xx_HAL_Driver/Src/stm32f3xx_hal_can.o
                0x08002dac                HAL_CAN_WakeUpFromRxMsgCallback
 .text.HAL_CAN_ErrorCallback
                0x08002dc0       0x14 ./Drivers/STM32F3xx_HAL_Driver/Src/stm32f3xx_hal_can.o
                0x08002dc0                HAL_CAN_ErrorCallback
 .text.__NVIC_SetPriorityGrouping
                0x08002dd4       0x48 ./Drivers/STM32F3xx_HAL_Driver/Src/stm32f3xx_hal_cortex.o
 .text.__NVIC_GetPriorityGrouping
                0x08002e1c       0x1c ./Drivers/STM32F3xx_HAL_Driver/Src/stm32f3xx_hal_cortex.o
 .text.__NVIC_EnableIRQ
                0x08002e38       0x3c ./Drivers/STM32F3xx_HAL_Driver/Src/stm32f3xx_hal_cortex.o
 .text.__NVIC_SetPriority
                0x08002e74       0x54 ./Drivers/STM32F3xx_HAL_Driver/Src/stm32f3xx_hal_cortex.o
 .text.NVIC_EncodePriority
                0x08002ec8       0x66 ./Drivers/STM32F3xx_HAL_Driver/Src/stm32f3xx_hal_cortex.o
 *fill*         0x08002f2e        0x2 
 .text.SysTick_Config
                0x08002f30       0x44 ./Drivers/STM32F3xx_HAL_Driver/Src/stm32f3xx_hal_cortex.o
 .text.HAL_NVIC_SetPriorityGrouping
                0x08002f74       0x16 ./Drivers/STM32F3xx_HAL_Driver/Src/stm32f3xx_hal_cortex.o
                0x08002f74                HAL_NVIC_SetPriorityGrouping
 .text.HAL_NVIC_SetPriority
                0x08002f8a       0x38 ./Drivers/STM32F3xx_HAL_Driver/Src/stm32f3xx_hal_cortex.o
                0x08002f8a                HAL_NVIC_SetPriority
 .text.HAL_NVIC_EnableIRQ
                0x08002fc2       0x1c ./Drivers/STM32F3xx_HAL_Driver/Src/stm32f3xx_hal_cortex.o
                0x08002fc2                HAL_NVIC_EnableIRQ
 .text.HAL_SYSTICK_Config
                0x08002fde       0x18 ./Drivers/STM32F3xx_HAL_Driver/Src/stm32f3xx_hal_cortex.o
                0x08002fde                HAL_SYSTICK_Config
 *fill*         0x08002ff6        0x2 
 .text.HAL_GPIO_Init
                0x08002ff8      0x2f4 ./Drivers/STM32F3xx_HAL_Driver/Src/stm32f3xx_hal_gpio.o
                0x08002ff8                HAL_GPIO_Init
 .text.HAL_GPIO_ReadPin
                0x080032ec       0x30 ./Drivers/STM32F3xx_HAL_Driver/Src/stm32f3xx_hal_gpio.o
                0x080032ec                HAL_GPIO_ReadPin
 .text.HAL_GPIO_WritePin
                0x0800331c       0x30 ./Drivers/STM32F3xx_HAL_Driver/Src/stm32f3xx_hal_gpio.o
                0x0800331c                HAL_GPIO_WritePin
 .text.HAL_GPIO_TogglePin
                0x0800334c       0x34 ./Drivers/STM32F3xx_HAL_Driver/Src/stm32f3xx_hal_gpio.o
                0x0800334c                HAL_GPIO_TogglePin
 .text.HAL_RCC_OscConfig
                0x08003380     0x107c ./Drivers/STM32F3xx_HAL_Driver/Src/stm32f3xx_hal_rcc.o
                0x08003380                HAL_RCC_OscConfig
 .text.HAL_RCC_ClockConfig
                0x080043fc      0x2f8 ./Drivers/STM32F3xx_HAL_Driver/Src/stm32f3xx_hal_rcc.o
                0x080043fc                HAL_RCC_ClockConfig
 .text.HAL_RCC_GetSysClockFreq
                0x080046f4       0xac ./Drivers/STM32F3xx_HAL_Driver/Src/stm32f3xx_hal_rcc.o
                0x080046f4                HAL_RCC_GetSysClockFreq
 .text.HAL_RCCEx_PeriphCLKConfig
                0x080047a0      0x360 ./Drivers/STM32F3xx_HAL_Driver/Src/stm32f3xx_hal_rcc_ex.o
                0x080047a0                HAL_RCCEx_PeriphCLKConfig
 .text.HAL_TIM_Base_Init
                0x08004b00       0xae ./Drivers/STM32F3xx_HAL_Driver/Src/stm32f3xx_hal_tim.o
                0x08004b00                HAL_TIM_Base_Init
 *fill*         0x08004bae        0x2 
 .text.HAL_TIM_Base_Start_IT
                0x08004bb0       0xd4 ./Drivers/STM32F3xx_HAL_Driver/Src/stm32f3xx_hal_tim.o
                0x08004bb0                HAL_TIM_Base_Start_IT
 .text.HAL_TIM_IRQHandler
                0x08004c84      0x204 ./Drivers/STM32F3xx_HAL_Driver/Src/stm32f3xx_hal_tim.o
                0x08004c84                HAL_TIM_IRQHandler
 .text.HAL_TIM_ConfigClockSource
                0x08004e88      0x192 ./Drivers/STM32F3xx_HAL_Driver/Src/stm32f3xx_hal_tim.o
                0x08004e88                HAL_TIM_ConfigClockSource
 .text.HAL_TIM_PeriodElapsedCallback
                0x0800501a       0x14 ./Drivers/STM32F3xx_HAL_Driver/Src/stm32f3xx_hal_tim.o
                0x0800501a                HAL_TIM_PeriodElapsedCallback
 .text.HAL_TIM_OC_DelayElapsedCallback
                0x0800502e       0x14 ./Drivers/STM32F3xx_HAL_Driver/Src/stm32f3xx_hal_tim.o
                0x0800502e                HAL_TIM_OC_DelayElapsedCallback
 .text.HAL_TIM_IC_CaptureCallback
                0x08005042       0x14 ./Drivers/STM32F3xx_HAL_Driver/Src/stm32f3xx_hal_tim.o
                0x08005042                HAL_TIM_IC_CaptureCallback
 .text.HAL_TIM_PWM_PulseFinishedCallback
                0x08005056       0x14 ./Drivers/STM32F3xx_HAL_Driver/Src/stm32f3xx_hal_tim.o
                0x08005056                HAL_TIM_PWM_PulseFinishedCallback
 .text.HAL_TIM_TriggerCallback
                0x0800506a       0x14 ./Drivers/STM32F3xx_HAL_Driver/Src/stm32f3xx_hal_tim.o
                0x0800506a                HAL_TIM_TriggerCallback
 *fill*         0x0800507e        0x2 
 .text.TIM_Base_SetConfig
                0x08005080      0x138 ./Drivers/STM32F3xx_HAL_Driver/Src/stm32f3xx_hal_tim.o
                0x08005080                TIM_Base_SetConfig
 .text.TIM_TI1_ConfigInputStage
                0x080051b8       0x5e ./Drivers/STM32F3xx_HAL_Driver/Src/stm32f3xx_hal_tim.o
 .text.TIM_TI2_ConfigInputStage
                0x08005216       0x60 ./Drivers/STM32F3xx_HAL_Driver/Src/stm32f3xx_hal_tim.o
 .text.TIM_ITRx_SetConfig
                0x08005276       0x36 ./Drivers/STM32F3xx_HAL_Driver/Src/stm32f3xx_hal_tim.o
 .text.TIM_ETR_SetConfig
                0x080052ac       0x40 ./Drivers/STM32F3xx_HAL_Driver/Src/stm32f3xx_hal_tim.o
                0x080052ac                TIM_ETR_SetConfig
 .text.HAL_TIMEx_MasterConfigSynchronization
                0x080052ec      0x100 ./Drivers/STM32F3xx_HAL_Driver/Src/stm32f3xx_hal_tim_ex.o
                0x080052ec                HAL_TIMEx_MasterConfigSynchronization
 .text.HAL_TIMEx_CommutCallback
                0x080053ec       0x14 ./Drivers/STM32F3xx_HAL_Driver/Src/stm32f3xx_hal_tim_ex.o
                0x080053ec                HAL_TIMEx_CommutCallback
 .text.HAL_TIMEx_BreakCallback
                0x08005400       0x14 ./Drivers/STM32F3xx_HAL_Driver/Src/stm32f3xx_hal_tim_ex.o
                0x08005400                HAL_TIMEx_BreakCallback
 .text.HAL_TIMEx_Break2Callback
                0x08005414       0x14 ./Drivers/STM32F3xx_HAL_Driver/Src/stm32f3xx_hal_tim_ex.o
                0x08005414                HAL_TIMEx_Break2Callback
 .text.memset   0x08005428       0x10 D:/SOLIS/Dashboard/ST/STM32CubeIDE_1.16.1/STM32CubeIDE/plugins/com.st.stm32cube.ide.mcu.externaltools.gnu-tools-for-stm32.12.3.rel1.win32_1.0.200.202406191623/tools/bin/../lib/gcc/arm-none-eabi/12.3.1/../../../../arm-none-eabi/lib/thumb/v7e-m+fp/hard\libc_nano.a(libc_a-memset.o)
                0x08005428                memset
 .text.__libc_init_array
                0x08005438       0x48 D:/SOLIS/Dashboard/ST/STM32CubeIDE_1.16.1/STM32CubeIDE/plugins/com.st.stm32cube.ide.mcu.externaltools.gnu-tools-for-stm32.12.3.rel1.win32_1.0.200.202406191623/tools/bin/../lib/gcc/arm-none-eabi/12.3.1/../../../../arm-none-eabi/lib/thumb/v7e-m+fp/hard\libc_nano.a(libc_a-init.o)
                0x08005438                __libc_init_array
 *(.glue_7)
 .glue_7        0x08005480        0x0 linker stubs
 *(.glue_7t)
 .glue_7t       0x08005480        0x0 linker stubs
 *(.eh_frame)
 .eh_frame      0x08005480        0x0 D:/SOLIS/Dashboard/ST/STM32CubeIDE_1.16.1/STM32CubeIDE/plugins/com.st.stm32cube.ide.mcu.externaltools.gnu-tools-for-stm32.12.3.rel1.win32_1.0.200.202406191623/tools/bin/../lib/gcc/arm-none-eabi/12.3.1/thumb/v7e-m+fp/hard/crtbegin.o
 *(.init)
 .init          0x08005480        0x4 D:/SOLIS/Dashboard/ST/STM32CubeIDE_1.16.1/STM32CubeIDE/plugins/com.st.stm32cube.ide.mcu.externaltools.gnu-tools-for-stm32.12.3.rel1.win32_1.0.200.202406191623/tools/bin/../lib/gcc/arm-none-eabi/12.3.1/thumb/v7e-m+fp/hard/crti.o
                0x08005480                _init
 .init          0x08005484        0x8 D:/SOLIS/Dashboard/ST/STM32CubeIDE_1.16.1/STM32CubeIDE/plugins/com.st.stm32cube.ide.mcu.externaltools.gnu-tools-for-stm32.12.3.rel1.win32_1.0.200.202406191623/tools/bin/../lib/gcc/arm-none-eabi/12.3.1/thumb/v7e-m+fp/hard/crtn.o
 *(.fini)
 .fini          0x0800548c        0x4 D:/SOLIS/Dashboard/ST/STM32CubeIDE_1.16.1/STM32CubeIDE/plugins/com.st.stm32cube.ide.mcu.externaltools.gnu-tools-for-stm32.12.3.rel1.win32_1.0.200.202406191623/tools/bin/../lib/gcc/arm-none-eabi/12.3.1/thumb/v7e-m+fp/hard/crti.o
                0x0800548c                _fini
 .fini          0x08005490        0x8 D:/SOLIS/Dashboard/ST/STM32CubeIDE_1.16.1/STM32CubeIDE/plugins/com.st.stm32cube.ide.mcu.externaltools.gnu-tools-for-stm32.12.3.rel1.win32_1.0.200.202406191623/tools/bin/../lib/gcc/arm-none-eabi/12.3.1/thumb/v7e-m+fp/hard/crtn.o
                0x08005498                        . = ALIGN (0x4)
                0x08005498                        _etext = .

.vfp11_veneer   0x08005498        0x0
 .vfp11_veneer  0x08005498        0x0 linker stubs

.v4_bx          0x08005498        0x0
 .v4_bx         0x08005498        0x0 linker stubs

.iplt           0x08005498        0x0
 .iplt          0x08005498        0x0 D:/SOLIS/Dashboard/ST/STM32CubeIDE_1.16.1/STM32CubeIDE/plugins/com.st.stm32cube.ide.mcu.externaltools.gnu-tools-for-stm32.12.3.rel1.win32_1.0.200.202406191623/tools/bin/../lib/gcc/arm-none-eabi/12.3.1/thumb/v7e-m+fp/hard/crtbegin.o

.rodata         0x08005498       0x30
                0x08005498                        . = ALIGN (0x4)
 *(.rodata)
 *(.rodata*)
 .rodata.AHBPrescTable
                0x08005498       0x10 ./Core/Src/system_stm32f3xx.o
                0x08005498                AHBPrescTable
 .rodata.aPLLMULFactorTable
                0x080054a8       0x10 ./Drivers/STM32F3xx_HAL_Driver/Src/stm32f3xx_hal_rcc.o
 .rodata.aPredivFactorTable
                0x080054b8       0x10 ./Drivers/STM32F3xx_HAL_Driver/Src/stm32f3xx_hal_rcc.o
                0x080054c8                        . = ALIGN (0x4)

.ARM.extab      0x080054c8        0x0
                0x080054c8                        . = ALIGN (0x4)
 *(.ARM.extab* .gnu.linkonce.armextab.*)
                0x080054c8                        . = ALIGN (0x4)

.ARM            0x080054c8        0x0
                0x080054c8                        . = ALIGN (0x4)
                0x080054c8                        __exidx_start = .
 *(.ARM.exidx*)
                0x080054c8                        __exidx_end = .
                0x080054c8                        . = ALIGN (0x4)

.preinit_array  0x080054c8        0x0
                0x080054c8                        . = ALIGN (0x4)
                0x080054c8                        PROVIDE (__preinit_array_start = .)
 *(.preinit_array*)
                0x080054c8                        PROVIDE (__preinit_array_end = .)
                0x080054c8                        . = ALIGN (0x4)

.init_array     0x080054c8        0x4
                0x080054c8                        . = ALIGN (0x4)
                0x080054c8                        PROVIDE (__init_array_start = .)
 *(SORT_BY_NAME(.init_array.*))
 *(.init_array*)
 .init_array    0x080054c8        0x4 D:/SOLIS/Dashboard/ST/STM32CubeIDE_1.16.1/STM32CubeIDE/plugins/com.st.stm32cube.ide.mcu.externaltools.gnu-tools-for-stm32.12.3.rel1.win32_1.0.200.202406191623/tools/bin/../lib/gcc/arm-none-eabi/12.3.1/thumb/v7e-m+fp/hard/crtbegin.o
                0x080054cc                        PROVIDE (__init_array_end = .)
                0x080054cc                        . = ALIGN (0x4)

.fini_array     0x080054cc        0x4
                0x080054cc                        . = ALIGN (0x4)
                [!provide]                        PROVIDE (__fini_array_start = .)
 *(SORT_BY_NAME(.fini_array.*))
 *(.fini_array*)
 .fini_array    0x080054cc        0x4 D:/SOLIS/Dashboard/ST/STM32CubeIDE_1.16.1/STM32CubeIDE/plugins/com.st.stm32cube.ide.mcu.externaltools.gnu-tools-for-stm32.12.3.rel1.win32_1.0.200.202406191623/tools/bin/../lib/gcc/arm-none-eabi/12.3.1/thumb/v7e-m+fp/hard/crtbegin.o
                [!provide]                        PROVIDE (__fini_array_end = .)
                0x080054d0                        . = ALIGN (0x4)
                0x080054d0                        _sidata = LOADADDR (.data)

.rel.dyn        0x080054d0        0x0
 .rel.iplt      0x080054d0        0x0 D:/SOLIS/Dashboard/ST/STM32CubeIDE_1.16.1/STM32CubeIDE/plugins/com.st.stm32cube.ide.mcu.externaltools.gnu-tools-for-stm32.12.3.rel1.win32_1.0.200.202406191623/tools/bin/../lib/gcc/arm-none-eabi/12.3.1/thumb/v7e-m+fp/hard/crtbegin.o

.data           0x20000000       0x18 load address 0x080054d0
                0x20000000                        . = ALIGN (0x4)
                0x20000000                        _sdata = .
 *(.data)
 *(.data*)
 .data.tolerance.0
                0x20000000        0x1 ./Core/Src/functions.o
 *fill*         0x20000001        0x3 
 .data.aux_pointer
                0x20000004        0x4 ./Core/Src/stm32f3xx_it.o
                0x20000004                aux_pointer
 .data.aux_offline
                0x20000008        0x4 ./Core/Src/stm32f3xx_it.o
                0x20000008                aux_offline
 .data.SystemCoreClock
                0x2000000c        0x4 ./Core/Src/system_stm32f3xx.o
                0x2000000c                SystemCoreClock
 .data.uwTickPrio
                0x20000010        0x4 ./Drivers/STM32F3xx_HAL_Driver/Src/stm32f3xx_hal.o
                0x20000010                uwTickPrio
 .data.uwTickFreq
                0x20000014        0x1 ./Drivers/STM32F3xx_HAL_Driver/Src/stm32f3xx_hal.o
                0x20000014                uwTickFreq
 *(.RamFunc)
 *(.RamFunc*)
                0x20000018                        . = ALIGN (0x4)
 *fill*         0x20000015        0x3 
                0x20000018                        _edata = .
                0x080054e8                        _siccmram = LOADADDR (.ccmram)

.igot.plt       0x20000018        0x0 load address 0x080054e8
 .igot.plt      0x20000018        0x0 D:/SOLIS/Dashboard/ST/STM32CubeIDE_1.16.1/STM32CubeIDE/plugins/com.st.stm32cube.ide.mcu.externaltools.gnu-tools-for-stm32.12.3.rel1.win32_1.0.200.202406191623/tools/bin/../lib/gcc/arm-none-eabi/12.3.1/thumb/v7e-m+fp/hard/crtbegin.o

.ccmram         0x10000000        0x0 load address 0x080054e8
                0x10000000                        . = ALIGN (0x4)
                0x10000000                        _sccmram = .
 *(.ccmram)
 *(.ccmram*)
                0x10000000                        . = ALIGN (0x4)
                0x10000000                        _eccmram = .
                0x10000000                        . = ALIGN (0x4)

.bss            0x20000018      0x164
                0x20000018                        _sbss = .
                0x20000018                        __bss_start__ = _sbss
 *(.bss)
 .bss           0x20000018       0x1c D:/SOLIS/Dashboard/ST/STM32CubeIDE_1.16.1/STM32CubeIDE/plugins/com.st.stm32cube.ide.mcu.externaltools.gnu-tools-for-stm32.12.3.rel1.win32_1.0.200.202406191623/tools/bin/../lib/gcc/arm-none-eabi/12.3.1/thumb/v7e-m+fp/hard/crtbegin.o
 *(.bss*)
 .bss.Auxiliary_Error_Mapping.1
                0x20000034       0x20 ./Core/Src/functions.o
 .bss.hadc4     0x20000054       0x50 ./Core/Src/main.o
                0x20000054                hadc4
 .bss.hcan      0x200000a4       0x28 ./Core/Src/main.o
                0x200000a4                hcan
 .bss.htim2     0x200000cc       0x4c ./Core/Src/main.o
                0x200000cc                htim2
 .bss.htim3     0x20000118       0x4c ./Core/Src/main.o
                0x20000118                htim3
 .bss.aux       0x20000164        0x1 ./Core/Src/stm32f3xx_it.o
                0x20000164                aux
 *fill*         0x20000165        0x3 
 .bss.offline   0x20000168        0x1 ./Core/Src/stm32f3xx_it.o
                0x20000168                offline
 .bss.toggle_sign_left
                0x20000169        0x1 ./Core/Src/stm32f3xx_it.o
                0x20000169                toggle_sign_left
 .bss.toggle_sign_right
                0x2000016a        0x1 ./Core/Src/stm32f3xx_it.o
                0x2000016a                toggle_sign_right
 .bss.aux_offline_switch
                0x2000016b        0x1 ./Core/Src/stm32f3xx_it.o
                0x2000016b                aux_offline_switch
 .bss.sign_left_500ms
                0x2000016c        0x1 ./Core/Src/stm32f3xx_it.o
                0x2000016c                sign_left_500ms
 .bss.sign_right_500ms
                0x2000016d        0x1 ./Core/Src/stm32f3xx_it.o
                0x2000016d                sign_right_500ms
 .bss.adc_value
                0x2000016e        0x2 ./Core/Src/stm32f3xx_it.o
                0x2000016e                adc_value
 .bss.dashboard_activity
                0x20000170        0x1 ./Core/Src/stm32f3xx_it.o
                0x20000170                dashboard_activity
 *fill*         0x20000171        0x3 
 .bss.aux_activity
                0x20000174        0x1 ./Core/Src/stm32f3xx_it.o
                0x20000174                aux_activity
 *fill*         0x20000175        0x3 
 .bss.uwTick    0x20000178        0x4 ./Drivers/STM32F3xx_HAL_Driver/Src/stm32f3xx_hal.o
                0x20000178                uwTick
 *(COMMON)
                0x2000017c                        . = ALIGN (0x4)
                0x2000017c                        _ebss = .
                0x2000017c                        __bss_end__ = _ebss

._user_heap_stack
                0x2000017c      0x604
                0x20000180                        . = ALIGN (0x8)
 *fill*         0x2000017c        0x4 
                [!provide]                        PROVIDE (end = .)
                0x20000180                        PROVIDE (_end = .)
                0x20000380                        . = (. + _Min_Heap_Size)
 *fill*         0x20000180      0x200 
                0x20000780                        . = (. + _Min_Stack_Size)
 *fill*         0x20000380      0x400 
                0x20000780                        . = ALIGN (0x8)

/DISCARD/
 libc.a(*)
 libm.a(*)
 libgcc.a(*)

.ARM.attributes
                0x00000000       0x30
 *(.ARM.attributes)
 .ARM.attributes
                0x00000000       0x22 D:/SOLIS/Dashboard/ST/STM32CubeIDE_1.16.1/STM32CubeIDE/plugins/com.st.stm32cube.ide.mcu.externaltools.gnu-tools-for-stm32.12.3.rel1.win32_1.0.200.202406191623/tools/bin/../lib/gcc/arm-none-eabi/12.3.1/thumb/v7e-m+fp/hard/crti.o
 .ARM.attributes
                0x00000022       0x34 D:/SOLIS/Dashboard/ST/STM32CubeIDE_1.16.1/STM32CubeIDE/plugins/com.st.stm32cube.ide.mcu.externaltools.gnu-tools-for-stm32.12.3.rel1.win32_1.0.200.202406191623/tools/bin/../lib/gcc/arm-none-eabi/12.3.1/thumb/v7e-m+fp/hard/crtbegin.o
 .ARM.attributes
                0x00000056       0x34 ./Core/Src/functions.o
 .ARM.attributes
                0x0000008a       0x34 ./Core/Src/main.o
 .ARM.attributes
                0x000000be       0x34 ./Core/Src/stm32f3xx_hal_msp.o
 .ARM.attributes
                0x000000f2       0x34 ./Core/Src/stm32f3xx_it.o
 .ARM.attributes
                0x00000126       0x34 ./Core/Src/system_stm32f3xx.o
 .ARM.attributes
                0x0000015a       0x21 ./Core/Startup/startup_stm32f303cbtx.o
 .ARM.attributes
                0x0000017b       0x34 ./Drivers/STM32F3xx_HAL_Driver/Src/stm32f3xx_hal.o
 .ARM.attributes
                0x000001af       0x34 ./Drivers/STM32F3xx_HAL_Driver/Src/stm32f3xx_hal_adc_ex.o
 .ARM.attributes
                0x000001e3       0x34 ./Drivers/STM32F3xx_HAL_Driver/Src/stm32f3xx_hal_can.o
 .ARM.attributes
                0x00000217       0x34 ./Drivers/STM32F3xx_HAL_Driver/Src/stm32f3xx_hal_cortex.o
 .ARM.attributes
                0x0000024b       0x34 ./Drivers/STM32F3xx_HAL_Driver/Src/stm32f3xx_hal_gpio.o
 .ARM.attributes
                0x0000027f       0x34 ./Drivers/STM32F3xx_HAL_Driver/Src/stm32f3xx_hal_rcc.o
 .ARM.attributes
                0x000002b3       0x34 ./Drivers/STM32F3xx_HAL_Driver/Src/stm32f3xx_hal_rcc_ex.o
 .ARM.attributes
                0x000002e7       0x34 ./Drivers/STM32F3xx_HAL_Driver/Src/stm32f3xx_hal_tim.o
 .ARM.attributes
                0x0000031b       0x34 ./Drivers/STM32F3xx_HAL_Driver/Src/stm32f3xx_hal_tim_ex.o
 .ARM.attributes
                0x0000034f       0x34 D:/SOLIS/Dashboard/ST/STM32CubeIDE_1.16.1/STM32CubeIDE/plugins/com.st.stm32cube.ide.mcu.externaltools.gnu-tools-for-stm32.12.3.rel1.win32_1.0.200.202406191623/tools/bin/../lib/gcc/arm-none-eabi/12.3.1/../../../../arm-none-eabi/lib/thumb/v7e-m+fp/hard\libc_nano.a(libc_a-memset.o)
 .ARM.attributes
                0x00000383       0x34 D:/SOLIS/Dashboard/ST/STM32CubeIDE_1.16.1/STM32CubeIDE/plugins/com.st.stm32cube.ide.mcu.externaltools.gnu-tools-for-stm32.12.3.rel1.win32_1.0.200.202406191623/tools/bin/../lib/gcc/arm-none-eabi/12.3.1/../../../../arm-none-eabi/lib/thumb/v7e-m+fp/hard\libc_nano.a(libc_a-init.o)
 .ARM.attributes
                0x000003b7       0x22 D:/SOLIS/Dashboard/ST/STM32CubeIDE_1.16.1/STM32CubeIDE/plugins/com.st.stm32cube.ide.mcu.externaltools.gnu-tools-for-stm32.12.3.rel1.win32_1.0.200.202406191623/tools/bin/../lib/gcc/arm-none-eabi/12.3.1/thumb/v7e-m+fp/hard/crtn.o
OUTPUT(SolisEV4_2_Auxiliare_CBT.elf elf32-littlearm)
LOAD linker stubs
LOAD D:/SOLIS/Dashboard/ST/STM32CubeIDE_1.16.1/STM32CubeIDE/plugins/com.st.stm32cube.ide.mcu.externaltools.gnu-tools-for-stm32.12.3.rel1.win32_1.0.200.202406191623/tools/bin/../lib/gcc/arm-none-eabi/12.3.1/../../../../arm-none-eabi/lib/thumb/v7e-m+fp/hard\libc.a
LOAD D:/SOLIS/Dashboard/ST/STM32CubeIDE_1.16.1/STM32CubeIDE/plugins/com.st.stm32cube.ide.mcu.externaltools.gnu-tools-for-stm32.12.3.rel1.win32_1.0.200.202406191623/tools/bin/../lib/gcc/arm-none-eabi/12.3.1/../../../../arm-none-eabi/lib/thumb/v7e-m+fp/hard\libm.a
LOAD D:/SOLIS/Dashboard/ST/STM32CubeIDE_1.16.1/STM32CubeIDE/plugins/com.st.stm32cube.ide.mcu.externaltools.gnu-tools-for-stm32.12.3.rel1.win32_1.0.200.202406191623/tools/bin/../lib/gcc/arm-none-eabi/12.3.1/thumb/v7e-m+fp/hard\libgcc.a

.debug_info     0x00000000     0xea43
 .debug_info    0x00000000      0xf43 ./Core/Src/functions.o
 .debug_info    0x00000f43     0x16f8 ./Core/Src/main.o
 .debug_info    0x0000263b     0x1395 ./Core/Src/stm32f3xx_hal_msp.o
 .debug_info    0x000039d0     0x12a2 ./Core/Src/stm32f3xx_it.o
 .debug_info    0x00004c72      0x407 ./Core/Src/system_stm32f3xx.o
 .debug_info    0x00005079       0x30 ./Core/Startup/startup_stm32f303cbtx.o
 .debug_info    0x000050a9      0x7d4 ./Drivers/STM32F3xx_HAL_Driver/Src/stm32f3xx_hal.o
 .debug_info    0x0000587d     0x15b2 ./Drivers/STM32F3xx_HAL_Driver/Src/stm32f3xx_hal_adc_ex.o
 .debug_info    0x00006e2f      0xf12 ./Drivers/STM32F3xx_HAL_Driver/Src/stm32f3xx_hal_can.o
 .debug_info    0x00007d41      0xce4 ./Drivers/STM32F3xx_HAL_Driver/Src/stm32f3xx_hal_cortex.o
 .debug_info    0x00008a25      0x5fe ./Drivers/STM32F3xx_HAL_Driver/Src/stm32f3xx_hal_gpio.o
 .debug_info    0x00009023     0x148a ./Drivers/STM32F3xx_HAL_Driver/Src/stm32f3xx_hal_rcc.o
 .debug_info    0x0000a4ad      0x5b9 ./Drivers/STM32F3xx_HAL_Driver/Src/stm32f3xx_hal_rcc_ex.o
 .debug_info    0x0000aa66     0x2a70 ./Drivers/STM32F3xx_HAL_Driver/Src/stm32f3xx_hal_tim.o
 .debug_info    0x0000d4d6     0x156d ./Drivers/STM32F3xx_HAL_Driver/Src/stm32f3xx_hal_tim_ex.o

.debug_abbrev   0x00000000     0x2116
 .debug_abbrev  0x00000000      0x265 ./Core/Src/functions.o
 .debug_abbrev  0x00000265      0x2bb ./Core/Src/main.o
 .debug_abbrev  0x00000520      0x21b ./Core/Src/stm32f3xx_hal_msp.o
 .debug_abbrev  0x0000073b      0x2c9 ./Core/Src/stm32f3xx_it.o
 .debug_abbrev  0x00000a04      0x11a ./Core/Src/system_stm32f3xx.o
 .debug_abbrev  0x00000b1e       0x24 ./Core/Startup/startup_stm32f303cbtx.o
 .debug_abbrev  0x00000b42      0x215 ./Drivers/STM32F3xx_HAL_Driver/Src/stm32f3xx_hal.o
 .debug_abbrev  0x00000d57      0x28e ./Drivers/STM32F3xx_HAL_Driver/Src/stm32f3xx_hal_adc_ex.o
 .debug_abbrev  0x00000fe5      0x22d ./Drivers/STM32F3xx_HAL_Driver/Src/stm32f3xx_hal_can.o
 .debug_abbrev  0x00001212      0x31e ./Drivers/STM32F3xx_HAL_Driver/Src/stm32f3xx_hal_cortex.o
 .debug_abbrev  0x00001530      0x1ca ./Drivers/STM32F3xx_HAL_Driver/Src/stm32f3xx_hal_gpio.o
 .debug_abbrev  0x000016fa      0x300 ./Drivers/STM32F3xx_HAL_Driver/Src/stm32f3xx_hal_rcc.o
 .debug_abbrev  0x000019fa      0x221 ./Drivers/STM32F3xx_HAL_Driver/Src/stm32f3xx_hal_rcc_ex.o
 .debug_abbrev  0x00001c1b      0x278 ./Drivers/STM32F3xx_HAL_Driver/Src/stm32f3xx_hal_tim.o
 .debug_abbrev  0x00001e93      0x283 ./Drivers/STM32F3xx_HAL_Driver/Src/stm32f3xx_hal_tim_ex.o

.debug_aranges  0x00000000      0xcc0
 .debug_aranges
                0x00000000       0x38 ./Core/Src/functions.o
 .debug_aranges
                0x00000038       0x58 ./Core/Src/main.o
 .debug_aranges
                0x00000090       0x50 ./Core/Src/stm32f3xx_hal_msp.o
 .debug_aranges
                0x000000e0       0x78 ./Core/Src/stm32f3xx_it.o
 .debug_aranges
                0x00000158       0x28 ./Core/Src/system_stm32f3xx.o
 .debug_aranges
                0x00000180       0x28 ./Core/Startup/startup_stm32f303cbtx.o
 .debug_aranges
                0x000001a8       0xe0 ./Drivers/STM32F3xx_HAL_Driver/Src/stm32f3xx_hal.o
 .debug_aranges
                0x00000288      0x168 ./Drivers/STM32F3xx_HAL_Driver/Src/stm32f3xx_hal_adc_ex.o
 .debug_aranges
                0x000003f0      0x138 ./Drivers/STM32F3xx_HAL_Driver/Src/stm32f3xx_hal_can.o
 .debug_aranges
                0x00000528      0x128 ./Drivers/STM32F3xx_HAL_Driver/Src/stm32f3xx_hal_cortex.o
 .debug_aranges
                0x00000650       0x58 ./Drivers/STM32F3xx_HAL_Driver/Src/stm32f3xx_hal_gpio.o
 .debug_aranges
                0x000006a8       0x88 ./Drivers/STM32F3xx_HAL_Driver/Src/stm32f3xx_hal_rcc.o
 .debug_aranges
                0x00000730       0x38 ./Drivers/STM32F3xx_HAL_Driver/Src/stm32f3xx_hal_rcc_ex.o
 .debug_aranges
                0x00000768      0x3e0 ./Drivers/STM32F3xx_HAL_Driver/Src/stm32f3xx_hal_tim.o
 .debug_aranges
                0x00000b48      0x178 ./Drivers/STM32F3xx_HAL_Driver/Src/stm32f3xx_hal_tim_ex.o

.debug_rnglists
                0x00000000      0x9e6
 .debug_rnglists
                0x00000000       0x28 ./Core/Src/functions.o
 .debug_rnglists
                0x00000028       0x43 ./Core/Src/main.o
 .debug_rnglists
                0x0000006b       0x3a ./Core/Src/stm32f3xx_hal_msp.o
 .debug_rnglists
                0x000000a5       0x57 ./Core/Src/stm32f3xx_it.o
 .debug_rnglists
                0x000000fc       0x1a ./Core/Src/system_stm32f3xx.o
 .debug_rnglists
                0x00000116       0x19 ./Core/Startup/startup_stm32f303cbtx.o
 .debug_rnglists
                0x0000012f       0xa3 ./Drivers/STM32F3xx_HAL_Driver/Src/stm32f3xx_hal.o
 .debug_rnglists
                0x000001d2      0x126 ./Drivers/STM32F3xx_HAL_Driver/Src/stm32f3xx_hal_adc_ex.o
 .debug_rnglists
                0x000002f8       0xee ./Drivers/STM32F3xx_HAL_Driver/Src/stm32f3xx_hal_can.o
 .debug_rnglists
                0x000003e6       0xda ./Drivers/STM32F3xx_HAL_Driver/Src/stm32f3xx_hal_cortex.o
 .debug_rnglists
                0x000004c0       0x3f ./Drivers/STM32F3xx_HAL_Driver/Src/stm32f3xx_hal_gpio.o
 .debug_rnglists
                0x000004ff       0x66 ./Drivers/STM32F3xx_HAL_Driver/Src/stm32f3xx_hal_rcc.o
 .debug_rnglists
                0x00000565       0x28 ./Drivers/STM32F3xx_HAL_Driver/Src/stm32f3xx_hal_rcc_ex.o
 .debug_rnglists
                0x0000058d      0x328 ./Drivers/STM32F3xx_HAL_Driver/Src/stm32f3xx_hal_tim.o
 .debug_rnglists
                0x000008b5      0x131 ./Drivers/STM32F3xx_HAL_Driver/Src/stm32f3xx_hal_tim_ex.o

.debug_macro    0x00000000    0x1e808
 .debug_macro   0x00000000      0x2e0 ./Core/Src/functions.o
 .debug_macro   0x000002e0      0xab4 ./Core/Src/functions.o
 .debug_macro   0x00000d94      0x15d ./Core/Src/functions.o
 .debug_macro   0x00000ef1       0x2e ./Core/Src/functions.o
 .debug_macro   0x00000f1f       0x28 ./Core/Src/functions.o
 .debug_macro   0x00000f47       0x22 ./Core/Src/functions.o
 .debug_macro   0x00000f69       0x8e ./Core/Src/functions.o
 .debug_macro   0x00000ff7       0x51 ./Core/Src/functions.o
 .debug_macro   0x00001048      0x103 ./Core/Src/functions.o
 .debug_macro   0x0000114b       0x6a ./Core/Src/functions.o
 .debug_macro   0x000011b5      0x1df ./Core/Src/functions.o
 .debug_macro   0x00001394       0x1c ./Core/Src/functions.o
 .debug_macro   0x000013b0       0x22 ./Core/Src/functions.o
 .debug_macro   0x000013d2       0xd9 ./Core/Src/functions.o
 .debug_macro   0x000014ab     0x102d ./Core/Src/functions.o
 .debug_macro   0x000024d8      0x11f ./Core/Src/functions.o
 .debug_macro   0x000025f7    0x12a3a ./Core/Src/functions.o
 .debug_macro   0x00015031       0x6d ./Core/Src/functions.o
 .debug_macro   0x0001509e     0x3574 ./Core/Src/functions.o
 .debug_macro   0x00018612      0x189 ./Core/Src/functions.o
 .debug_macro   0x0001879b       0x55 ./Core/Src/functions.o
 .debug_macro   0x000187f0      0x961 ./Core/Src/functions.o
 .debug_macro   0x00019151      0x5fe ./Core/Src/functions.o
 .debug_macro   0x0001974f      0x1b5 ./Core/Src/functions.o
 .debug_macro   0x00019904      0x1fb ./Core/Src/functions.o
 .debug_macro   0x00019aff      0x1dc ./Core/Src/functions.o
 .debug_macro   0x00019cdb      0x1bc ./Core/Src/functions.o
 .debug_macro   0x00019e97       0x30 ./Core/Src/functions.o
 .debug_macro   0x00019ec7       0x3c ./Core/Src/functions.o
 .debug_macro   0x00019f03      0x235 ./Core/Src/functions.o
 .debug_macro   0x0001a138      0x9b1 ./Core/Src/functions.o
 .debug_macro   0x0001aae9       0x77 ./Core/Src/functions.o
 .debug_macro   0x0001ab60      0x408 ./Core/Src/functions.o
 .debug_macro   0x0001af68       0xc5 ./Core/Src/functions.o
 .debug_macro   0x0001b02d      0x21d ./Core/Src/functions.o
 .debug_macro   0x0001b24a      0x22c ./Core/Src/functions.o
 .debug_macro   0x0001b476       0x5b ./Core/Src/functions.o
 .debug_macro   0x0001b4d1       0xa5 ./Core/Src/functions.o
 .debug_macro   0x0001b576       0x81 ./Core/Src/functions.o
 .debug_macro   0x0001b5f7       0xd3 ./Core/Src/functions.o
 .debug_macro   0x0001b6ca      0xa60 ./Core/Src/functions.o
 .debug_macro   0x0001c12a       0x89 ./Core/Src/functions.o
 .debug_macro   0x0001c1b3      0x275 ./Core/Src/functions.o
 .debug_macro   0x0001c428       0xdc ./Core/Src/functions.o
 .debug_macro   0x0001c504       0x22 ./Core/Src/functions.o
 .debug_macro   0x0001c526       0x61 ./Core/Src/functions.o
 .debug_macro   0x0001c587       0x2a ./Core/Src/functions.o
 .debug_macro   0x0001c5b1       0x43 ./Core/Src/functions.o
 .debug_macro   0x0001c5f4       0x34 ./Core/Src/functions.o
 .debug_macro   0x0001c628       0x16 ./Core/Src/functions.o
 .debug_macro   0x0001c63e       0x35 ./Core/Src/functions.o
 .debug_macro   0x0001c673      0x369 ./Core/Src/functions.o
 .debug_macro   0x0001c9dc       0x10 ./Core/Src/functions.o
 .debug_macro   0x0001c9ec       0x16 ./Core/Src/functions.o
 .debug_macro   0x0001ca02       0x43 ./Core/Src/functions.o
 .debug_macro   0x0001ca45       0x34 ./Core/Src/functions.o
 .debug_macro   0x0001ca79       0x10 ./Core/Src/functions.o
 .debug_macro   0x0001ca89       0x58 ./Core/Src/functions.o
 .debug_macro   0x0001cae1       0x8e ./Core/Src/functions.o
 .debug_macro   0x0001cb6f       0x1c ./Core/Src/functions.o
 .debug_macro   0x0001cb8b      0x177 ./Core/Src/functions.o
 .debug_macro   0x0001cd02       0x16 ./Core/Src/functions.o
 .debug_macro   0x0001cd18       0x16 ./Core/Src/functions.o
 .debug_macro   0x0001cd2e      0x146 ./Core/Src/functions.o
 .debug_macro   0x0001ce74      0x208 ./Core/Src/main.o
 .debug_macro   0x0001d07c      0x1f5 ./Core/Src/stm32f3xx_hal_msp.o
 .debug_macro   0x0001d271      0x212 ./Core/Src/stm32f3xx_it.o
 .debug_macro   0x0001d483      0x1e6 ./Core/Src/system_stm32f3xx.o
 .debug_macro   0x0001d669      0x20a ./Drivers/STM32F3xx_HAL_Driver/Src/stm32f3xx_hal.o
 .debug_macro   0x0001d873      0x210 ./Drivers/STM32F3xx_HAL_Driver/Src/stm32f3xx_hal_adc_ex.o
 .debug_macro   0x0001da83      0x1f5 ./Drivers/STM32F3xx_HAL_Driver/Src/stm32f3xx_hal_can.o
 .debug_macro   0x0001dc78      0x1e6 ./Drivers/STM32F3xx_HAL_Driver/Src/stm32f3xx_hal_cortex.o
 .debug_macro   0x0001de5e      0x1ed ./Drivers/STM32F3xx_HAL_Driver/Src/stm32f3xx_hal_gpio.o
 .debug_macro   0x0001e04b      0x20a ./Drivers/STM32F3xx_HAL_Driver/Src/stm32f3xx_hal_rcc.o
 .debug_macro   0x0001e255      0x1e6 ./Drivers/STM32F3xx_HAL_Driver/Src/stm32f3xx_hal_rcc_ex.o
 .debug_macro   0x0001e43b      0x1e7 ./Drivers/STM32F3xx_HAL_Driver/Src/stm32f3xx_hal_tim.o
 .debug_macro   0x0001e622      0x1e6 ./Drivers/STM32F3xx_HAL_Driver/Src/stm32f3xx_hal_tim_ex.o

.debug_line     0x00000000    0x10f41
 .debug_line    0x00000000      0xbd9 ./Core/Src/functions.o
 .debug_line    0x00000bd9      0xa7d ./Core/Src/main.o
 .debug_line    0x00001656      0x91f ./Core/Src/stm32f3xx_hal_msp.o
 .debug_line    0x00001f75      0x99d ./Core/Src/stm32f3xx_it.o
 .debug_line    0x00002912      0x8a3 ./Core/Src/system_stm32f3xx.o
 .debug_line    0x000031b5       0x7a ./Core/Startup/startup_stm32f303cbtx.o
 .debug_line    0x0000322f      0xadb ./Drivers/STM32F3xx_HAL_Driver/Src/stm32f3xx_hal.o
 .debug_line    0x00003d0a     0x2847 ./Drivers/STM32F3xx_HAL_Driver/Src/stm32f3xx_hal_adc_ex.o
 .debug_line    0x00006551     0x12b5 ./Drivers/STM32F3xx_HAL_Driver/Src/stm32f3xx_hal_can.o
 .debug_line    0x00007806      0xdc8 ./Drivers/STM32F3xx_HAL_Driver/Src/stm32f3xx_hal_cortex.o
 .debug_line    0x000085ce      0xc52 ./Drivers/STM32F3xx_HAL_Driver/Src/stm32f3xx_hal_gpio.o
 .debug_line    0x00009220     0x1470 ./Drivers/STM32F3xx_HAL_Driver/Src/stm32f3xx_hal_rcc.o
 .debug_line    0x0000a690      0xe29 ./Drivers/STM32F3xx_HAL_Driver/Src/stm32f3xx_hal_rcc_ex.o
 .debug_line    0x0000b4b9     0x3ed3 ./Drivers/STM32F3xx_HAL_Driver/Src/stm32f3xx_hal_tim.o
 .debug_line    0x0000f38c     0x1bb5 ./Drivers/STM32F3xx_HAL_Driver/Src/stm32f3xx_hal_tim_ex.o

.debug_str      0x00000000    0xbd954
 .debug_str     0x00000000    0xb9e99 ./Core/Src/functions.o
                              0xba613 (size before relaxing)
 .debug_str     0x000b9e99      0x8bc ./Core/Src/main.o
                              0xb75bc (size before relaxing)
 .debug_str     0x000ba755      0x425 ./Core/Src/stm32f3xx_hal_msp.o
                              0xb7449 (size before relaxing)
 .debug_str     0x000bab7a      0x18c ./Core/Src/stm32f3xx_it.o
                              0xb723e (size before relaxing)
 .debug_str     0x000bad06       0xdf ./Core/Src/system_stm32f3xx.o
                              0xb6212 (size before relaxing)
 .debug_str     0x000bade5       0x44 ./Core/Startup/startup_stm32f303cbtx.o
                                 0x80 (size before relaxing)
 .debug_str     0x000bae29      0x397 ./Drivers/STM32F3xx_HAL_Driver/Src/stm32f3xx_hal.o
                              0xb6a50 (size before relaxing)
 .debug_str     0x000bb1c0      0x896 ./Drivers/STM32F3xx_HAL_Driver/Src/stm32f3xx_hal_adc_ex.o
                              0xb6f18 (size before relaxing)
 .debug_str     0x000bba56      0x417 ./Drivers/STM32F3xx_HAL_Driver/Src/stm32f3xx_hal_can.o
                              0xb69a1 (size before relaxing)
 .debug_str     0x000bbe6d      0x35d ./Drivers/STM32F3xx_HAL_Driver/Src/stm32f3xx_hal_cortex.o
                              0xb6ad4 (size before relaxing)
 .debug_str     0x000bc1ca      0x10c ./Drivers/STM32F3xx_HAL_Driver/Src/stm32f3xx_hal_gpio.o
                              0xb637f (size before relaxing)
 .debug_str     0x000bc2d6      0x2c3 ./Drivers/STM32F3xx_HAL_Driver/Src/stm32f3xx_hal_rcc.o
                              0xb66b2 (size before relaxing)
 .debug_str     0x000bc599       0xbe ./Drivers/STM32F3xx_HAL_Driver/Src/stm32f3xx_hal_rcc_ex.o
                              0xb6476 (size before relaxing)
 .debug_str     0x000bc657      0xe21 ./Drivers/STM32F3xx_HAL_Driver/Src/stm32f3xx_hal_tim.o
                              0xb7649 (size before relaxing)
 .debug_str     0x000bd478      0x4dc ./Drivers/STM32F3xx_HAL_Driver/Src/stm32f3xx_hal_tim_ex.o
                              0xb6e8f (size before relaxing)

.comment        0x00000000       0x43
 .comment       0x00000000       0x43 ./Core/Src/functions.o
                                 0x44 (size before relaxing)
 .comment       0x00000043       0x44 ./Core/Src/main.o
 .comment       0x00000043       0x44 ./Core/Src/stm32f3xx_hal_msp.o
 .comment       0x00000043       0x44 ./Core/Src/stm32f3xx_it.o
 .comment       0x00000043       0x44 ./Core/Src/system_stm32f3xx.o
 .comment       0x00000043       0x44 ./Drivers/STM32F3xx_HAL_Driver/Src/stm32f3xx_hal.o
 .comment       0x00000043       0x44 ./Drivers/STM32F3xx_HAL_Driver/Src/stm32f3xx_hal_adc_ex.o
 .comment       0x00000043       0x44 ./Drivers/STM32F3xx_HAL_Driver/Src/stm32f3xx_hal_can.o
 .comment       0x00000043       0x44 ./Drivers/STM32F3xx_HAL_Driver/Src/stm32f3xx_hal_cortex.o
 .comment       0x00000043       0x44 ./Drivers/STM32F3xx_HAL_Driver/Src/stm32f3xx_hal_gpio.o
 .comment       0x00000043       0x44 ./Drivers/STM32F3xx_HAL_Driver/Src/stm32f3xx_hal_rcc.o
 .comment       0x00000043       0x44 ./Drivers/STM32F3xx_HAL_Driver/Src/stm32f3xx_hal_rcc_ex.o
 .comment       0x00000043       0x44 ./Drivers/STM32F3xx_HAL_Driver/Src/stm32f3xx_hal_tim.o
 .comment       0x00000043       0x44 ./Drivers/STM32F3xx_HAL_Driver/Src/stm32f3xx_hal_tim_ex.o

.debug_frame    0x00000000     0x35b8
 .debug_frame   0x00000000       0xb8 ./Core/Src/functions.o
 .debug_frame   0x000000b8      0x120 ./Core/Src/main.o
 .debug_frame   0x000001d8      0x110 ./Core/Src/stm32f3xx_hal_msp.o
 .debug_frame   0x000002e8      0x17c ./Core/Src/stm32f3xx_it.o
 .debug_frame   0x00000464       0x58 ./Core/Src/system_stm32f3xx.o
 .debug_frame   0x000004bc      0x334 ./Drivers/STM32F3xx_HAL_Driver/Src/stm32f3xx_hal.o
 .debug_frame   0x000007f0      0x644 ./Drivers/STM32F3xx_HAL_Driver/Src/stm32f3xx_hal_adc_ex.o
 .debug_frame   0x00000e34      0x5a0 ./Drivers/STM32F3xx_HAL_Driver/Src/stm32f3xx_hal_can.o
 .debug_frame   0x000013d4      0x4e8 ./Drivers/STM32F3xx_HAL_Driver/Src/stm32f3xx_hal_cortex.o
 .debug_frame   0x000018bc      0x14c ./Drivers/STM32F3xx_HAL_Driver/Src/stm32f3xx_hal_gpio.o
 .debug_frame   0x00001a08      0x214 ./Drivers/STM32F3xx_HAL_Driver/Src/stm32f3xx_hal_rcc.o
 .debug_frame   0x00001c1c       0xb0 ./Drivers/STM32F3xx_HAL_Driver/Src/stm32f3xx_hal_rcc_ex.o
 .debug_frame   0x00001ccc     0x1218 ./Drivers/STM32F3xx_HAL_Driver/Src/stm32f3xx_hal_tim.o
 .debug_frame   0x00002ee4      0x688 ./Drivers/STM32F3xx_HAL_Driver/Src/stm32f3xx_hal_tim_ex.o
 .debug_frame   0x0000356c       0x20 D:/SOLIS/Dashboard/ST/STM32CubeIDE_1.16.1/STM32CubeIDE/plugins/com.st.stm32cube.ide.mcu.externaltools.gnu-tools-for-stm32.12.3.rel1.win32_1.0.200.202406191623/tools/bin/../lib/gcc/arm-none-eabi/12.3.1/../../../../arm-none-eabi/lib/thumb/v7e-m+fp/hard\libc_nano.a(libc_a-memset.o)
 .debug_frame   0x0000358c       0x2c D:/SOLIS/Dashboard/ST/STM32CubeIDE_1.16.1/STM32CubeIDE/plugins/com.st.stm32cube.ide.mcu.externaltools.gnu-tools-for-stm32.12.3.rel1.win32_1.0.200.202406191623/tools/bin/../lib/gcc/arm-none-eabi/12.3.1/../../../../arm-none-eabi/lib/thumb/v7e-m+fp/hard\libc_nano.a(libc_a-init.o)

.debug_line_str
                0x00000000       0x64
 .debug_line_str
                0x00000000       0x64 ./Core/Startup/startup_stm32f303cbtx.o
