../Core/Src/stm32f3xx_it.c:106:6:NMI_Handler	4	static
../Core/Src/stm32f3xx_it.c:121:6:HardFault_Handler	4	static
../Core/Src/stm32f3xx_it.c:136:6:MemManage_Handler	4	static
../Core/Src/stm32f3xx_it.c:151:6:BusFault_Handler	4	static
../Core/Src/stm32f3xx_it.c:166:6:UsageFault_Handler	4	static
../Core/Src/stm32f3xx_it.c:181:6:SVC_Handler	4	static
../Core/Src/stm32f3xx_it.c:194:6:DebugMon_Handler	4	static
../Core/Src/stm32f3xx_it.c:207:6:PendSV_Handler	4	static
../Core/Src/stm32f3xx_it.c:220:6:SysTick_Handler	8	static
../Core/Src/stm32f3xx_it.c:241:6:USB_LP_CAN_RX0_IRQHandler	40	static
../Core/Src/stm32f3xx_it.c:268:6:TIM2_IRQHandler	8	static
../Core/Src/stm32f3xx_it.c:293:6:TIM3_IRQHandler	56	static
